| url.js:3:9:3:17 | url.parse |
| url.js:5:5:5:14 | url.format |
| url.js:7:5:7:15 | url.resolve |
