| DubiousTypeTestOfThis2.cs:10:13:10:21 | ... is ... | Testing whether 'this' is an instance of $@ in $@ introduces a dependency cycle between the two types. | DubiousTypeTestOfThis2.cs:15:7:15:7 | D | D | DubiousTypeTestOfThis2.cs:6:7:6:7 | C | C |
| DubiousTypeTestOfThis.cs:7:17:7:33 | ... is ... | Testing whether 'this' is an instance of $@ in $@ introduces a dependency cycle between the two types. | DubiousTypeTestOfThis.cs:17:11:17:19 | FiveAdder | FiveAdder | DubiousTypeTestOfThis.cs:3:11:3:19 | BaseClass | BaseClass |
| DubiousTypeTestOfThis.cs:10:17:10:32 | ... is ... | Testing whether 'this' is an instance of $@ in $@ introduces a dependency cycle between the two types. | DubiousTypeTestOfThis.cs:22:11:22:18 | TenAdder | TenAdder | DubiousTypeTestOfThis.cs:3:11:3:19 | BaseClass | BaseClass |
