| types.cs:47:11:47:19 | Map<,> | types.cs:47:15:47:15 | U | types.cs:47:18:47:18 | V |
