| statements.cs:167:21:167:28 | MainGoto | statements.cs:172:41:172:50 | goto ...; |
