| statements.cs:239:13:242:13 | unchecked {...} | statements.cs:240:13:242:13 | {...} |
