| errors.cs:37:21:37:21 | p | Int32 |
| errors.cs:43:16:43:17 | c1 | C1 |
| errors.cs:52:12:52:13 | c1 | C1 |
| errors.cs:53:12:53:13 | c2 | C2 |
| errors.cs:61:20:61:20 | x | Int32 |
| errors.cs:74:28:74:29 | p1 | Int32 |
| errors.cs:74:39:74:40 | p2 | String |
| errors.cs:74:48:74:49 | p3 | Boolean |
| errors.cs:74:64:74:65 | p4 | Boolean |
| errors.cs:76:17:76:17 | x | Int32 |
| errors.cs:77:17:77:17 | x | Int32 |
| errors.cs:84:13:84:13 | F | Int32 |
| errors.cs:91:13:91:13 | F | Int32 |
| errors.cs:93:29:93:29 | a | Func<Int32,Int32,Int32> |
| errors.cs:93:34:93:35 | x1 | Int32 |
| errors.cs:93:38:93:39 | x2 | Int32 |
| errors.cs:94:29:94:29 | a | Func<Int32,Int32,Int32> |
| errors.cs:94:34:94:35 | y1 | Int32 |
| errors.cs:94:38:94:39 | y2 | Int32 |
