| amd | amd.js:1:1:6:0 | exports object of module amd |
| amd | amd.js:2:12:4:5 | object literal |
| amd2 | amd2.js:1:1:6:0 | exports object of module amd2 |
| amd2 | amd2.js:2:17:4:5 | object literal |
| amd3 | amd3.js:1:1:4:0 | exports object of module amd3 |
| commonjs | commonjs.js:1:1:3:0 | exports object of module commonjs |
| commonjs2 | commonjs2.js:1:1:4:0 | exports object of module commonjs2 |
| commonjs2 | commonjs2.js:1:18:3:1 | object literal |
| es6 | es6.js:1:1:7:0 | exports object of module es6 |
| m | m.js:1:1:4:0 | exports object of module m |
| m | m.js:1:16:3:1 | object literal |
