| tst2.js:1:1:3:2 | define( ...  42;\\n}) | tst2.js:1:9:1:17 | 'exports' |
| tst3.js:1:1:3:2 | define( ...  42;\\n}) | tst3.js:2:21:2:25 | './a' |
| tst4.js:1:1:11:2 | define( ...   };\\n}) | tst4.js:2:9:2:14 | 'a.js' |
| tst4.js:1:1:11:2 | define( ...   };\\n}) | tst4.js:3:9:3:13 | 'foo' |
| tst4.js:1:1:11:2 | define( ...   };\\n}) | tst4.js:4:9:4:18 | 'nested/a' |
| tst4.js:1:1:11:2 | define( ...   };\\n}) | tst4.js:5:9:5:20 | 'lib/foo.js' |
| tst.js:1:1:6:2 | define( ...   };\\n}) | tst.js:1:9:1:13 | './a' |
| tst.js:1:1:6:2 | define( ...   };\\n}) | tst.js:1:16:1:24 | './dir/b' |
| umd.js:4:9:4:43 | define( ... actory) | umd.js:4:17:4:21 | './a' |
| umd.js:4:9:4:43 | define( ... actory) | umd.js:4:24:4:32 | './dir/b' |
