| a.js:1:1:3:3 | <toplevel> | foo | a.js:2:14:2:20 | foo: 42 |
| dir/b.js:1:1:3:3 | <toplevel> | bar | dir/b.js:2:5:2:11 | bar: 42 |
| lib/a.js:1:1:3:3 | <toplevel> | foo | lib/a.js:2:14:2:20 | foo: 42 |
| lib/foo.js:1:1:4:0 | <toplevel> | foo | lib/foo.js:2:5:2:11 | foo: 23 |
| lib/nested/a.js:1:1:3:3 | <toplevel> | foo | lib/nested/a.js:2:14:2:20 | foo: 42 |
| tst2.js:1:1:3:3 | <toplevel> | foo | tst2.js:2:5:2:15 | exports.foo |
| tst3.js:1:1:3:3 | <toplevel> | foo | tst3.js:2:29:2:39 | exports.foo |
| tst4.js:1:1:11:3 | <toplevel> | bar | tst4.js:9:9:9:18 | bar: b.bar |
| tst4.js:1:1:11:3 | <toplevel> | foo | tst4.js:8:9:8:18 | foo: a.foo |
| tst.js:1:1:6:3 | <toplevel> | bar | tst.js:4:9:4:18 | bar: b.bar |
| tst.js:1:1:6:3 | <toplevel> | foo | tst.js:3:9:3:18 | foo: a.foo |
| umd.js:1:1:14:4 | <toplevel> | bar | umd.js:11:9:11:18 | bar: a.foo |
| umd.js:1:1:14:4 | <toplevel> | foo | umd.js:12:9:12:18 | foo: b.bar |
