| tst.ts:32:1:32:15 | var enumType: E | tst.ts:32:15:32:15 | E |
