| b.js:7:22:7:27 | module |
| d.js:3:1:3:6 | module |
