| ThreadUnsafeICryptoTransform.cs:41:36:41:37 | _n | Static field '_n' contains a 'System.Security.Cryptography.ICryptoTransform' that could be used in an unsafe way. |
| ThreadUnsafeICryptoTransform.cs:46:26:46:30 | _list | Static field '_list' contains a 'System.Security.Cryptography.ICryptoTransform' that could be used in an unsafe way. |
| ThreadUnsafeICryptoTransform.cs:57:73:57:79 | HashMap | Static field 'HashMap' contains a 'System.Security.Cryptography.ICryptoTransform' that could be used in an unsafe way. |
| ThreadUnsafeICryptoTransform.cs:66:25:66:29 | _sha1 | Static field '_sha1' contains a 'System.Security.Cryptography.ICryptoTransform' that could be used in an unsafe way. |
| ThreadUnsafeICryptoTransform.cs:71:19:71:20 | _n | Static field '_n' contains a 'System.Security.Cryptography.ICryptoTransform' that could be used in an unsafe way. |
