| persistence.js:3:5:3:33 | localSt ... prop1') |
| persistence.js:6:5:6:35 | session ... prop2') |
| persistence.js:10:5:10:33 | localSt ... prop4') |
| persistence.js:13:5:13:35 | session ... prop5') |
