| duplicate_test.py:9:1:20:17 | Similar code: 12 almost duplicated lines. | duplicate_test.py:47:1:58:17 | Similar code: 12 almost duplicated lines. | duplicate_test.py | 9 | 20 |
| duplicate_test.py:9:1:20:17 | Similar code: 12 almost duplicated lines. | duplicate_test.py:249:1:260:17 | Similar code: 12 almost duplicated lines. | duplicate_test.py | 9 | 20 |
| duplicate_test.py:9:1:20:17 | Similar code: 12 almost duplicated lines. | duplicate_test.py:287:1:298:17 | Similar code: 12 almost duplicated lines. | duplicate_test.py | 9 | 20 |
| duplicate_test.py:14:8:25:13 | Similar code: 12 almost duplicated lines. | duplicate_test.py:52:8:63:13 | Similar code: 12 almost duplicated lines. | duplicate_test.py | 14 | 25 |
| duplicate_test.py:14:8:25:13 | Similar code: 12 almost duplicated lines. | duplicate_test.py:254:8:265:13 | Similar code: 12 almost duplicated lines. | duplicate_test.py | 14 | 25 |
| duplicate_test.py:20:28:42:31 | Similar code: 23 almost duplicated lines. | duplicate_test.py:58:28:80:31 | Similar code: 23 almost duplicated lines. | duplicate_test.py | 20 | 42 |
| duplicate_test.py:20:28:42:31 | Similar code: 23 almost duplicated lines. | duplicate_test.py:260:28:282:31 | Similar code: 23 almost duplicated lines. | duplicate_test.py | 20 | 42 |
| duplicate_test.py:20:28:42:31 | Similar code: 23 almost duplicated lines. | duplicate_test.py:296:40:318:31 | Similar code: 23 almost duplicated lines. | duplicate_test.py | 20 | 42 |
| duplicate_test.py:36:1:47:0 | Similar code: 12 almost duplicated lines. | duplicate_test.py:74:1:84:0 | Similar code: 11 almost duplicated lines. | duplicate_test.py | 36 | 47 |
| duplicate_test.py:36:1:47:0 | Similar code: 12 almost duplicated lines. | duplicate_test.py:276:1:287:0 | Similar code: 12 almost duplicated lines. | duplicate_test.py | 36 | 47 |
| duplicate_test.py:36:22:56:26 | Similar code: 21 almost duplicated lines. | duplicate_test.py:276:21:296:26 | Similar code: 21 almost duplicated lines. | duplicate_test.py | 36 | 56 |
| duplicate_test.py:42:22:57:9 | Similar code: 16 almost duplicated lines. | duplicate_test.py:245:20:259:9 | Similar code: 15 almost duplicated lines. | duplicate_test.py | 42 | 57 |
| duplicate_test.py:42:22:57:9 | Similar code: 16 almost duplicated lines. | duplicate_test.py:282:22:297:9 | Similar code: 16 almost duplicated lines. | duplicate_test.py | 42 | 57 |
| duplicate_test.py:47:1:58:17 | Similar code: 12 almost duplicated lines. | duplicate_test.py:249:1:260:17 | Similar code: 12 almost duplicated lines. | duplicate_test.py | 47 | 58 |
| duplicate_test.py:47:1:58:17 | Similar code: 12 almost duplicated lines. | duplicate_test.py:287:1:298:17 | Similar code: 12 almost duplicated lines. | duplicate_test.py | 47 | 58 |
| duplicate_test.py:52:8:63:13 | Similar code: 12 almost duplicated lines. | duplicate_test.py:254:8:265:13 | Similar code: 12 almost duplicated lines. | duplicate_test.py | 52 | 63 |
| duplicate_test.py:58:28:80:31 | Similar code: 23 almost duplicated lines. | duplicate_test.py:260:28:282:31 | Similar code: 23 almost duplicated lines. | duplicate_test.py | 58 | 80 |
| duplicate_test.py:58:28:80:31 | Similar code: 23 almost duplicated lines. | duplicate_test.py:296:40:318:31 | Similar code: 23 almost duplicated lines. | duplicate_test.py | 58 | 80 |
| duplicate_test.py:74:1:84:0 | Similar code: 11 almost duplicated lines. | duplicate_test.py:276:1:287:0 | Similar code: 12 almost duplicated lines. | duplicate_test.py | 74 | 84 |
| duplicate_test.py:82:25:163:24 | Similar code: 82 almost duplicated lines. | duplicate_test.py:163:24:245:24 | Similar code: 83 almost duplicated lines. | duplicate_test.py | 82 | 163 |
| duplicate_test.py:245:20:259:9 | Similar code: 15 almost duplicated lines. | duplicate_test.py:282:22:297:9 | Similar code: 16 almost duplicated lines. | duplicate_test.py | 245 | 259 |
| duplicate_test.py:249:1:260:17 | Similar code: 12 almost duplicated lines. | duplicate_test.py:287:1:298:17 | Similar code: 12 almost duplicated lines. | duplicate_test.py | 249 | 260 |
| duplicate_test.py:260:28:282:31 | Similar code: 23 almost duplicated lines. | duplicate_test.py:296:40:318:31 | Similar code: 23 almost duplicated lines. | duplicate_test.py | 260 | 282 |
