| tst.js:1:1:1:8 | password |
| tst.js:2:1:2:8 | PassWord |
| tst.js:3:1:3:21 | myPassw ... eartext |
| tst.js:4:1:4:10 | x.password |
| tst.js:5:1:5:11 | getPassword |
| tst.js:5:1:5:13 | getPassword() |
| tst.js:6:1:6:13 | x.getPassword |
| tst.js:6:1:6:15 | x.getPassword() |
| tst.js:7:1:7:15 | get("password") |
| tst.js:8:1:8:17 | x.get("password") |
