| exports.ts:10:5:10:12 | Imported | exports.ts:1:10:1:17 | Imported |
| exports.ts:12:5:12:9 | Class | exports.ts:3:7:3:11 | Class |
| exports.ts:13:5:13:8 | Type | exports.ts:4:11:4:14 | Type |
| exports.ts:16:5:16:8 | Enum | exports.ts:7:6:7:9 | Enum |
| namespaceDecls.ts:38:8:38:8 | A | namespaceDecls.ts:1:8:1:8 | A |
| namespaceDecls.ts:38:8:38:8 | A | namespaceDecls.ts:6:11:6:11 | A |
| namespaceDecls.ts:39:8:39:8 | E | namespaceDecls.ts:4:13:4:13 | E |
| namespaceDecls.ts:39:8:39:8 | E | namespaceDecls.ts:7:11:7:11 | E |
| tst.ts:6:9:6:9 | I | tst.ts:4:11:4:11 | I |
| tst.ts:8:11:8:11 | I | tst.ts:4:11:4:11 | I |
| tst.ts:13:11:13:11 | I | tst.ts:12:13:12:13 | I |
| tst.ts:17:11:17:11 | I | tst.ts:18:13:18:13 | I |
| tst.ts:24:13:24:13 | I | tst.ts:22:13:22:13 | I |
| tst.ts:27:13:27:13 | I | tst.ts:22:13:22:13 | I |
| tst.ts:30:13:30:13 | I | tst.ts:22:13:22:13 | I |
| tst.ts:37:13:37:13 | I | tst.ts:36:15:36:15 | I |
| tst.ts:39:11:39:11 | I | tst.ts:4:11:4:11 | I |
| tst.ts:42:24:42:24 | I | tst.ts:4:11:4:11 | I |
| tst.ts:42:40:42:40 | I | tst.ts:4:11:4:11 | I |
| tst.ts:50:30:50:30 | I | tst.ts:4:11:4:11 | I |
| typedecls.ts:3:8:3:8 | X | typedecls.ts:1:9:1:9 | X |
| typedecls.ts:4:8:4:14 | Y_alias | typedecls.ts:1:17:1:23 | Y_alias |
| typedecls.ts:7:8:7:8 | C | typedecls.ts:6:7:6:7 | C |
| typedecls.ts:10:8:10:8 | I | typedecls.ts:9:11:9:11 | I |
| typedecls.ts:13:13:13:13 | S | typedecls.ts:12:15:12:15 | S |
| typedecls.ts:16:24:16:24 | T | typedecls.ts:16:18:16:18 | T |
| typedecls.ts:16:28:16:28 | T | typedecls.ts:16:18:16:18 | T |
| typedecls.ts:17:10:17:10 | T | typedecls.ts:16:18:16:18 | T |
| typedecls.ts:20:16:20:16 | G | typedecls.ts:20:10:20:10 | G |
| typedecls.ts:20:22:20:22 | G | typedecls.ts:20:10:20:10 | G |
| typedecls.ts:25:8:25:8 | E | typedecls.ts:24:6:24:6 | E |
| typedecls.ts:27:10:27:10 | X | typedecls.ts:1:9:1:9 | X |
| typedecls.ts:28:8:28:8 | F | typedecls.ts:27:6:27:6 | F |
