| Test.java:15:4:15:8 | "AES" |
| Test.java:16:4:16:17 | "AES_function" |
