| external.yml:1:1:1:2 | 42 |  | 42 |
| merge.yaml:1:8:1:8 | x |  | x |
| merge.yaml:1:11:1:12 | 23 |  | 23 |
| merge.yaml:1:15:1:15 | y |  | y |
| merge.yaml:1:18:1:19 | 42 |  | 42 |
| merge.yaml:2:3:2:3 | x |  | x |
| merge.yaml:2:6:2:7 | 56 |  | 56 |
| merge.yaml:3:3:3:4 | << |  | << |
| tst.yml:1:3:1:8 | "name" | " | name |
| tst.yml:1:11:1:21 | "Jim Knopf" | " | Jim Knopf |
| tst.yml:2:3:2:9 | address |  | address |
| tst.yml:3:5:3:12 | "street" | " | street |
| tst.yml:3:14:3:13 |  |  |  |
| tst.yml:4:5:4:12 | "number" | " | number |
| tst.yml:4:15:4:16 | -1 |  | -1 |
| tst.yml:5:5:5:13 | "country" | " | country |
| tst.yml:5:16:5:27 | "Lummerland" | " | Lummerland |
| tst.yml:7:3:7:6 | name |  | name |
| tst.yml:7:9:7:21 | Frau Mahlzahn |  | Frau Mahlzahn |
| tst.yml:8:3:8:9 | address |  | address |
| tst.yml:9:5:9:10 | street |  | street |
| tst.yml:9:13:11:0 | \| | \| | Alte Strasse\n |
| tst.yml:11:5:11:10 | number |  | number |
| tst.yml:11:13:11:15 | 133 |  | 133 |
| tst.yml:12:5:12:11 | country |  | country |
| tst.yml:12:14:13:18 | < |  | < Kummerland |
| tst.yml:14:3:14:23 | !includ ... nal.yml |  | external.yml |
