| fields.ts:2:16:2:32 | (x: string) => {} | Foo.m |
| namespace.js:5:32:5:44 | function() {} | Baz.method |
| tst2.js:6:9:9:3 | () {\\n   ... .x;\\n  } | C.method |
| tst2.js:18:14:18:22 | (x) => {} | D.f |
| tst.js:4:17:4:21 | () {} | A.instanceMethod |
| tst.js:7:6:7:10 | () {} | A.bar |
| tst.js:17:19:17:31 | function() {} | B.foo |
| tst.js:21:19:21:31 | function() {} | C.bar |
| tst.js:27:4:27:8 | () {} | D.m |
