| file://:0:0:0:0 | global access path |
| tst.js:1:10:1:11 | fs |
| tst.js:1:10:1:11 | fs |
| tst.js:1:20:1:23 | 'fs' |
