| generics.cs:60:18:60:24 | Grid<Int32> | generics.cs:68:20:68:23 | Item |
| generics.cs:60:18:60:24 | Grid<Int32> | generics.cs:73:18:73:21 | Item |
