| generics.cs:13:18:13:21 | A<X> | generics.cs:13:18:13:21 | A<> |
