| generics.cs:22:18:22:21 | B<> | generics.cs:22:18:22:21 | B<X> | generics.cs:25:23:25:24 | at | generics.cs:13:18:13:21 | A<T> |
