| namespaces.cs:70:11:70:12 | R1 | namespaces.cs:73:11:73:14 | A<> | namespaces.cs:80:11:80:11 | A |
