| tst2.js:0:0:0:0 | tst2.js | 26 |
| tst.html:0:0:0:0 | tst.html | 127 |
| tst.js:0:0:0:0 | tst.js | 26 |
| tst.ts:0:0:0:0 | tst.ts | 31 |
