| CSharp7.cs:192:17:192:18 | r1 |
| CSharp7.cs:196:17:196:18 | r2 |
| CSharp7.cs:197:17:197:18 | r3 |
| CSharp7.cs:199:17:199:18 | r4 |
