| tst.xml:3:3:3:37 | child | tst.xml:3:3:3:20 | foo=bar |
