| tst.ts | ESDefaultExport | esDefaultExport.ts | ESDefaultExport |
| tst.ts | ESNamedExport1 | esNamedExports.ts | ESNamedExport1 |
| tst.ts | ESNamedExport2 | esNamedExports.ts | ESNamedExport2 |
| tst.ts | NodeFullExport | nodeFullExport.ts | NodeFullExport |
| tst.ts | NodeNamedExport | nodeNamedExport.ts | NodeNamedExport |
