| hiding.cpp:4:17:4:18 | ii | Local variable 'ii' hides a $@. | hiding.cpp:2:12:2:13 | definition of ii | parameter of the same name |
| hiding.cpp:15:15:15:16 | kk | Local variable 'kk' hides a $@. | hiding.cpp:12:25:12:26 | definition of kk | parameter of the same name |
