| allocators.cpp:129:3:129:21 | new | allocators.cpp:129:7:129:13 | & ... |
| allocators.cpp:132:3:132:17 | new[] | allocators.cpp:132:7:132:9 | buf |
