| Read | A.java:5:12:5:15 | this | A.java:5:12:5:19 | this.foo | A.java:2:7:2:9 | foo |
| Read | A.java:21:13:21:13 | a | A.java:21:13:21:22 | getFoo(...) | A.java:2:7:2:9 | foo |
| Read | A.java:23:9:23:9 | a | A.java:23:9:23:19 | aGetter(...) | A.java:2:7:2:9 | foo |
| Read | A.java:24:9:24:10 | a2 | A.java:24:9:24:23 | notAGetter(...) | A.java:2:7:2:9 | foo |
| Read | A.java:45:12:45:38 | maybeIdWrap(...) | A.java:45:12:45:42 | maybeIdWrap(...).foo | A.java:2:7:2:9 | foo |
| Read | A.java:49:12:49:38 | maybeIdWrap(...) | A.java:49:12:49:42 | maybeIdWrap(...).foo | A.java:2:7:2:9 | foo |
| Store | A.java:9:16:9:16 | x | A.java:9:5:9:8 | this [post update] | A.java:2:7:2:9 | foo |
| Store | A.java:14:13:14:13 | x | A.java:14:5:14:5 | a [post update] | A.java:2:7:2:9 | foo |
| Store | A.java:20:14:20:14 | 1 | A.java:20:5:20:5 | a [post update] | A.java:2:7:2:9 | foo |
| Store | A.java:22:20:22:20 | 2 | A.java:22:12:22:21 | withFoo(...) | A.java:2:7:2:9 | foo |
