| test.cpp:26:10:26:16 | command | The value of this argument may come from $@ and is being passed to system | test.cpp:42:18:42:23 | call to getenv | call to getenv |
| test.cpp:31:10:31:16 | command | The value of this argument may come from $@ and is being passed to system | test.cpp:43:18:43:23 | call to getenv | call to getenv |
